--------------------------------------------------------------------------------
Release 14.7 Trace  (lin64)
Copyright (c) 1995-2013 Xilinx, Inc.  All rights reserved.

/opt/ise/14.7/ISE_DS/ISE/bin/lin64/unwrapped/trce -intstyle ise -o
mojo_top_0.twr -v 30 -l 30 mojo_top_0_routed.ncd mojo_top_0.pcf

Design file:              mojo_top_0_routed.ncd
Physical constraint file: mojo_top_0.pcf
Device,package,speed:     xc6slx9,tqg144,C,-2 (PRODUCTION 1.23 2013-10-13)
Report level:             verbose report, limited to 30 items per constraint

Environment Variable      Effect 
--------------------      ------ 
NONE                      No environment variables were set
--------------------------------------------------------------------------------

INFO:Timing:2698 - No timing constraints found, doing default enumeration.
INFO:Timing:3412 - To improve timing, see the Timing Closure User Guide (UG612).
INFO:Timing:2752 - To get complete path coverage, use the unconstrained paths 
   option. All paths that are not constrained will be reported in the 
   unconstrained paths section(s) of the report.
INFO:Timing:3339 - The clock-to-out numbers in this timing report are based on 
   a 50 Ohm transmission line loading model.  For the details of this model, 
   and for more information on accounting for different loading conditions, 
   please see the device datasheet.



Data Sheet report:
-----------------
All values displayed in nanoseconds (ns)

Pad to Pad
---------------+---------------+---------+
Source Pad     |Destination Pad|  Delay  |
---------------+---------------+---------+
io_dip[0]      |io_led[0]      |   37.778|
io_dip[0]      |io_led[1]      |   38.004|
io_dip[0]      |io_led[2]      |   38.742|
io_dip[0]      |io_led[3]      |   37.933|
io_dip[0]      |io_led[4]      |   38.227|
io_dip[0]      |io_led[5]      |   38.329|
io_dip[0]      |io_led[6]      |   38.259|
io_dip[0]      |io_led[7]      |   38.105|
io_dip[0]      |io_led[8]      |   13.867|
io_dip[0]      |io_led[9]      |   14.180|
io_dip[0]      |io_led[10]     |   14.275|
io_dip[0]      |io_led[11]     |   13.778|
io_dip[0]      |io_led[15]     |   13.147|
io_dip[1]      |io_led[0]      |   37.472|
io_dip[1]      |io_led[1]      |   37.698|
io_dip[1]      |io_led[2]      |   38.436|
io_dip[1]      |io_led[3]      |   37.627|
io_dip[1]      |io_led[4]      |   37.921|
io_dip[1]      |io_led[5]      |   38.023|
io_dip[1]      |io_led[6]      |   37.953|
io_dip[1]      |io_led[7]      |   37.799|
io_dip[1]      |io_led[8]      |   13.687|
io_dip[1]      |io_led[9]      |   13.927|
io_dip[1]      |io_led[10]     |   14.014|
io_dip[1]      |io_led[11]     |   14.083|
io_dip[1]      |io_led[15]     |   13.155|
io_dip[2]      |io_led[0]      |   37.822|
io_dip[2]      |io_led[1]      |   38.048|
io_dip[2]      |io_led[2]      |   38.786|
io_dip[2]      |io_led[3]      |   37.977|
io_dip[2]      |io_led[4]      |   38.271|
io_dip[2]      |io_led[5]      |   38.373|
io_dip[2]      |io_led[6]      |   38.303|
io_dip[2]      |io_led[7]      |   38.149|
io_dip[2]      |io_led[8]      |   13.807|
io_dip[2]      |io_led[9]      |   14.011|
io_dip[2]      |io_led[10]     |   14.098|
io_dip[2]      |io_led[11]     |   14.443|
io_dip[2]      |io_led[15]     |   13.930|
io_dip[3]      |io_led[0]      |   38.233|
io_dip[3]      |io_led[1]      |   38.459|
io_dip[3]      |io_led[2]      |   39.197|
io_dip[3]      |io_led[3]      |   38.388|
io_dip[3]      |io_led[4]      |   38.682|
io_dip[3]      |io_led[5]      |   38.784|
io_dip[3]      |io_led[6]      |   38.714|
io_dip[3]      |io_led[7]      |   38.560|
io_dip[3]      |io_led[8]      |   13.186|
io_dip[3]      |io_led[9]      |   13.064|
io_dip[3]      |io_led[10]     |   13.337|
io_dip[3]      |io_led[11]     |   13.951|
io_dip[3]      |io_led[15]     |   13.561|
io_dip[4]      |io_led[0]      |   38.205|
io_dip[4]      |io_led[1]      |   38.431|
io_dip[4]      |io_led[2]      |   39.169|
io_dip[4]      |io_led[3]      |   38.360|
io_dip[4]      |io_led[4]      |   38.654|
io_dip[4]      |io_led[5]      |   38.756|
io_dip[4]      |io_led[6]      |   38.686|
io_dip[4]      |io_led[7]      |   38.532|
io_dip[4]      |io_led[8]      |   13.162|
io_dip[4]      |io_led[9]      |   12.930|
io_dip[4]      |io_led[10]     |   13.314|
io_dip[4]      |io_led[11]     |   13.938|
io_dip[4]      |io_led[15]     |   13.013|
io_dip[5]      |io_led[0]      |   38.578|
io_dip[5]      |io_led[1]      |   38.804|
io_dip[5]      |io_led[2]      |   39.542|
io_dip[5]      |io_led[3]      |   38.733|
io_dip[5]      |io_led[4]      |   39.027|
io_dip[5]      |io_led[5]      |   39.129|
io_dip[5]      |io_led[6]      |   39.059|
io_dip[5]      |io_led[7]      |   38.905|
io_dip[5]      |io_led[8]      |   13.150|
io_dip[5]      |io_led[9]      |   12.835|
io_dip[5]      |io_led[10]     |   13.388|
io_dip[5]      |io_led[11]     |   13.885|
io_dip[5]      |io_led[15]     |   13.345|
io_dip[6]      |io_led[0]      |   38.690|
io_dip[6]      |io_led[1]      |   38.916|
io_dip[6]      |io_led[2]      |   39.654|
io_dip[6]      |io_led[3]      |   38.845|
io_dip[6]      |io_led[4]      |   39.139|
io_dip[6]      |io_led[5]      |   39.241|
io_dip[6]      |io_led[6]      |   39.171|
io_dip[6]      |io_led[7]      |   39.017|
io_dip[6]      |io_led[8]      |   14.012|
io_dip[6]      |io_led[9]      |   13.997|
io_dip[6]      |io_led[10]     |   14.550|
io_dip[6]      |io_led[11]     |   15.659|
io_dip[6]      |io_led[15]     |   15.079|
io_dip[7]      |io_led[0]      |   38.585|
io_dip[7]      |io_led[1]      |   38.811|
io_dip[7]      |io_led[2]      |   39.549|
io_dip[7]      |io_led[3]      |   38.740|
io_dip[7]      |io_led[4]      |   39.034|
io_dip[7]      |io_led[5]      |   39.136|
io_dip[7]      |io_led[6]      |   39.066|
io_dip[7]      |io_led[7]      |   38.912|
io_dip[7]      |io_led[8]      |   13.588|
io_dip[7]      |io_led[9]      |   13.614|
io_dip[7]      |io_led[10]     |   14.167|
io_dip[7]      |io_led[11]     |   14.796|
io_dip[7]      |io_led[15]     |   14.450|
io_dip[8]      |io_led[0]      |   23.415|
io_dip[8]      |io_led[1]      |   22.852|
io_dip[8]      |io_led[2]      |   23.590|
io_dip[8]      |io_led[3]      |   22.781|
io_dip[8]      |io_led[4]      |   23.075|
io_dip[8]      |io_led[5]      |   23.177|
io_dip[8]      |io_led[6]      |   23.107|
io_dip[8]      |io_led[7]      |   22.953|
io_dip[8]      |io_led[8]      |   13.424|
io_dip[8]      |io_led[9]      |   13.900|
io_dip[8]      |io_led[10]     |   14.003|
io_dip[8]      |io_led[11]     |   13.709|
io_dip[9]      |io_led[0]      |   25.430|
io_dip[9]      |io_led[1]      |   25.656|
io_dip[9]      |io_led[2]      |   26.394|
io_dip[9]      |io_led[3]      |   25.585|
io_dip[9]      |io_led[4]      |   25.879|
io_dip[9]      |io_led[5]      |   25.981|
io_dip[9]      |io_led[6]      |   25.911|
io_dip[9]      |io_led[7]      |   25.757|
io_dip[9]      |io_led[8]      |   13.803|
io_dip[9]      |io_led[9]      |   13.856|
io_dip[9]      |io_led[10]     |   13.943|
io_dip[9]      |io_led[11]     |   14.243|
io_dip[10]     |io_led[0]      |   29.179|
io_dip[10]     |io_led[1]      |   29.405|
io_dip[10]     |io_led[2]      |   30.143|
io_dip[10]     |io_led[3]      |   29.334|
io_dip[10]     |io_led[4]      |   29.628|
io_dip[10]     |io_led[5]      |   29.730|
io_dip[10]     |io_led[6]      |   29.660|
io_dip[10]     |io_led[7]      |   29.506|
io_dip[10]     |io_led[8]      |   13.405|
io_dip[10]     |io_led[9]      |   13.173|
io_dip[10]     |io_led[10]     |   13.260|
io_dip[10]     |io_led[11]     |   13.422|
io_dip[11]     |io_led[0]      |   32.262|
io_dip[11]     |io_led[1]      |   32.488|
io_dip[11]     |io_led[2]      |   33.226|
io_dip[11]     |io_led[3]      |   32.417|
io_dip[11]     |io_led[4]      |   32.711|
io_dip[11]     |io_led[5]      |   32.813|
io_dip[11]     |io_led[6]      |   32.743|
io_dip[11]     |io_led[7]      |   32.589|
io_dip[11]     |io_led[8]      |   13.574|
io_dip[11]     |io_led[9]      |   13.712|
io_dip[11]     |io_led[10]     |   13.985|
io_dip[11]     |io_led[11]     |   13.706|
io_dip[12]     |io_led[0]      |   34.465|
io_dip[12]     |io_led[1]      |   34.691|
io_dip[12]     |io_led[2]      |   35.429|
io_dip[12]     |io_led[3]      |   34.620|
io_dip[12]     |io_led[4]      |   34.914|
io_dip[12]     |io_led[5]      |   35.016|
io_dip[12]     |io_led[6]      |   34.946|
io_dip[12]     |io_led[7]      |   34.792|
io_dip[12]     |io_led[8]      |   12.991|
io_dip[12]     |io_led[9]      |   12.634|
io_dip[12]     |io_led[10]     |   13.018|
io_dip[12]     |io_led[11]     |   14.201|
io_dip[13]     |io_led[0]      |   36.869|
io_dip[13]     |io_led[1]      |   37.095|
io_dip[13]     |io_led[2]      |   37.833|
io_dip[13]     |io_led[3]      |   37.024|
io_dip[13]     |io_led[4]      |   37.318|
io_dip[13]     |io_led[5]      |   37.420|
io_dip[13]     |io_led[6]      |   37.350|
io_dip[13]     |io_led[7]      |   37.196|
io_dip[13]     |io_led[8]      |   12.976|
io_dip[13]     |io_led[9]      |   12.835|
io_dip[13]     |io_led[10]     |   13.388|
io_dip[13]     |io_led[11]     |   13.012|
io_dip[14]     |io_led[0]      |   37.540|
io_dip[14]     |io_led[1]      |   37.766|
io_dip[14]     |io_led[2]      |   38.504|
io_dip[14]     |io_led[3]      |   37.695|
io_dip[14]     |io_led[4]      |   37.989|
io_dip[14]     |io_led[5]      |   38.091|
io_dip[14]     |io_led[6]      |   38.021|
io_dip[14]     |io_led[7]      |   37.867|
io_dip[14]     |io_led[8]      |   12.567|
io_dip[14]     |io_led[9]      |   11.891|
io_dip[14]     |io_led[10]     |   12.444|
io_dip[14]     |io_led[11]     |   13.279|
io_dip[15]     |io_led[0]      |   37.128|
io_dip[15]     |io_led[1]      |   37.354|
io_dip[15]     |io_led[2]      |   38.092|
io_dip[15]     |io_led[3]      |   37.283|
io_dip[15]     |io_led[4]      |   37.577|
io_dip[15]     |io_led[5]      |   37.679|
io_dip[15]     |io_led[6]      |   37.609|
io_dip[15]     |io_led[7]      |   37.455|
io_dip[15]     |io_led[8]      |   12.313|
io_dip[15]     |io_led[9]      |   11.692|
io_dip[15]     |io_led[10]     |   12.245|
io_dip[15]     |io_led[11]     |   13.385|
io_dip[16]     |io_led[0]      |   19.541|
io_dip[16]     |io_led[1]      |   19.718|
io_dip[16]     |io_led[2]      |   19.823|
io_dip[16]     |io_led[3]      |   18.966|
io_dip[16]     |io_led[4]      |   18.749|
io_dip[16]     |io_led[5]      |   19.067|
io_dip[16]     |io_led[6]      |   19.497|
io_dip[16]     |io_led[7]      |   19.561|
io_dip[16]     |io_led[8]      |   13.949|
io_dip[16]     |io_led[9]      |   14.144|
io_dip[16]     |io_led[10]     |   14.528|
io_dip[16]     |io_led[15]     |   13.668|
io_dip[17]     |io_led[0]      |   20.159|
io_dip[17]     |io_led[1]      |   19.440|
io_dip[17]     |io_led[2]      |   19.915|
io_dip[17]     |io_led[3]      |   18.438|
io_dip[17]     |io_led[4]      |   17.964|
io_dip[17]     |io_led[5]      |   17.768|
io_dip[17]     |io_led[6]      |   18.121|
io_dip[17]     |io_led[7]      |   18.808|
io_dip[17]     |io_led[8]      |   13.219|
io_dip[17]     |io_led[9]      |   13.363|
io_dip[17]     |io_led[10]     |    9.650|
io_dip[17]     |io_led[15]     |   14.146|
io_dip[18]     |io_led[0]      |   21.354|
io_dip[18]     |io_led[1]      |   19.832|
io_dip[18]     |io_led[2]      |   19.937|
io_dip[18]     |io_led[3]      |   19.080|
io_dip[18]     |io_led[4]      |   18.893|
io_dip[18]     |io_led[5]      |   19.181|
io_dip[18]     |io_led[6]      |   19.611|
io_dip[18]     |io_led[7]      |   19.675|
io_dip[18]     |io_led[8]      |   14.414|
io_dip[18]     |io_led[9]      |   14.558|
io_dip[18]     |io_led[10]     |   11.744|
io_dip[18]     |io_led[15]     |   15.027|
io_dip[19]     |io_led[0]      |   20.567|
io_dip[19]     |io_led[1]      |   19.767|
io_dip[19]     |io_led[2]      |   20.117|
io_dip[19]     |io_led[3]      |   19.015|
io_dip[19]     |io_led[4]      |   18.899|
io_dip[19]     |io_led[5]      |   19.116|
io_dip[19]     |io_led[6]      |   19.546|
io_dip[19]     |io_led[7]      |   19.610|
io_dip[19]     |io_led[8]      |   13.627|
io_dip[19]     |io_led[9]      |   13.771|
io_dip[19]     |io_led[10]     |   10.462|
io_dip[19]     |io_led[15]     |   14.543|
io_dip[20]     |io_led[0]      |   21.210|
io_dip[20]     |io_led[1]      |   20.044|
io_dip[20]     |io_led[2]      |   20.149|
io_dip[20]     |io_led[3]      |   19.292|
io_dip[20]     |io_led[4]      |   19.075|
io_dip[20]     |io_led[5]      |   19.393|
io_dip[20]     |io_led[6]      |   19.823|
io_dip[20]     |io_led[7]      |   19.887|
io_dip[20]     |io_led[8]      |   14.270|
io_dip[20]     |io_led[9]      |   14.414|
io_dip[20]     |io_led[10]     |   11.773|
io_dip[20]     |io_led[15]     |   14.742|
io_dip[21]     |io_led[0]      |   20.854|
io_dip[21]     |io_led[1]      |   20.027|
io_dip[21]     |io_led[2]      |   20.132|
io_dip[21]     |io_led[3]      |   19.275|
io_dip[21]     |io_led[4]      |   19.058|
io_dip[21]     |io_led[5]      |   19.376|
io_dip[21]     |io_led[6]      |   19.806|
io_dip[21]     |io_led[7]      |   19.870|
io_dip[21]     |io_led[8]      |   13.914|
io_dip[21]     |io_led[9]      |   14.058|
io_dip[21]     |io_led[10]     |   11.688|
io_dip[21]     |io_led[15]     |   14.643|
---------------+---------------+---------+


Analysis completed Fri Oct 21 14:32:50 2016 
--------------------------------------------------------------------------------

Trace Settings:
-------------------------
Trace Settings 

Peak Memory Usage: 384 MB



